\BOOKMARK [1][-]{section.1}{\376\377\000I\000n\000t\000r\000o\000d\000u\000c\000t\000i\000o\000n}{}% 1
\BOOKMARK [1][-]{section.2}{\376\377\000S\000t\000a\000t\000e\000m\000e\000n\000t\000\040\000o\000f\000\040\000n\000e\000e\000d}{}% 2
\BOOKMARK [1][-]{section.3}{\376\377\000S\000t\000a\000t\000e\000\040\000o\000f\000\040\000t\000h\000e\000\040\000f\000i\000e\000l\000d}{}% 3
\BOOKMARK [2][-]{subsection.3.1}{\376\377\000R\000e\000c\000e\000n\000t\000\040\000r\000e\000s\000e\000a\000r\000c\000h\000\040\000o\000n\000\040\000a\000g\000e\000n\000t\000\040\000v\000e\000r\000i\000f\000i\000c\000a\000t\000i\000o\000n}{section.3}% 4
\BOOKMARK [2][-]{subsection.3.2}{\376\377\000C\000o\000m\000p\000a\000r\000a\000t\000i\000v\000e\000\040\000a\000n\000a\000l\000y\000s\000i\000s}{section.3}% 5
\BOOKMARK [1][-]{section.4}{\376\377\000S\000o\000f\000t\000w\000a\000r\000e\000\040\000d\000e\000s\000i\000g\000n}{}% 6
\BOOKMARK [2][-]{subsection.4.1}{\376\377\000A\000r\000c\000h\000i\000t\000e\000c\000t\000u\000r\000e}{section.4}% 7
\BOOKMARK [3][-]{subsubsection.4.1.1}{\376\377\000L\000a\000n\000g\000u\000a\000g\000e\000-\000a\000g\000n\000o\000s\000t\000i\000c\000\040\000v\000e\000r\000i\000f\000i\000c\000a\000t\000i\000o\000n}{subsection.4.1}% 8
\BOOKMARK [3][-]{subsubsection.4.1.2}{\376\377\000D\000o\000m\000a\000i\000n\000\040\000a\000d\000a\000p\000t\000e\000r\000s}{subsection.4.1}% 9
\BOOKMARK [2][-]{subsection.4.2}{\376\377\000D\000e\000s\000i\000g\000n\000\040\000t\000r\000a\000d\000e\000-\000o\000f\000f\000s}{section.4}% 10
\BOOKMARK [2][-]{subsection.4.3}{\376\377\000T\000h\000e\000\040\000c\000l\000a\000i\000m\000-\000b\000a\000s\000e\000d\000\040\000v\000e\000r\000i\000f\000i\000c\000a\000t\000i\000o\000n\000\040\000m\000o\000d\000e\000l}{section.4}% 11
\BOOKMARK [1][-]{section.5}{\376\377\000T\000h\000e\000\040\000d\000e\000v\000e\000l\000o\000p\000m\000e\000n\000t\000\040\000c\000y\000c\000l\000e\000\040\000i\000n\000\040\000a\000c\000t\000i\000o\000n}{}% 12
\BOOKMARK [2][-]{subsection.5.1}{\376\377\000F\000I\000T\000\040\040\024\000\040\000t\000a\000s\000k\000\040\000c\000l\000a\000s\000s\000i\000f\000i\000c\000a\000t\000i\000o\000n}{section.5}% 13
\BOOKMARK [2][-]{subsection.5.2}{\376\377\000T\000H\000I\000N\000K\000\040\040\024\000\040\000d\000e\000c\000l\000a\000r\000i\000n\000g\000\040\000b\000e\000f\000o\000r\000e\000\040\000t\000h\000e\000\040\000e\000v\000i\000d\000e\000n\000c\000e}{section.5}% 14
\BOOKMARK [2][-]{subsection.5.3}{\376\377\000S\000I\000M\000P\000L\000I\000F\000Y\000,\000\040\000I\000N\000T\000E\000N\000T\000,\000\040\000S\000U\000R\000G\000I\000C\000A\000L\000\040\040\024\000\040\000m\000i\000n\000i\000m\000a\000l\000i\000s\000m\000\040\000a\000n\000d\000\040\000i\000n\000t\000e\000n\000t\000\040\000g\000a\000t\000e\000s}{section.5}% 15
\BOOKMARK [2][-]{subsection.5.4}{\376\377\000V\000E\000R\000I\000F\000Y\000\040\040\024\000\040\000o\000b\000j\000e\000c\000t\000i\000v\000e\000\040\000v\000e\000r\000i\000f\000i\000c\000a\000t\000i\000o\000n}{section.5}% 16
\BOOKMARK [2][-]{subsection.5.5}{\376\377\000T\000W\000I\000N\000\040\000C\000H\000E\000C\000K\000\040\040\024\000\040\000s\000e\000a\000r\000c\000h\000i\000n\000g\000\040\000f\000o\000r\000\040\000r\000e\000c\000u\000r\000r\000i\000n\000g\000\040\000p\000a\000t\000t\000e\000r\000n\000s}{section.5}% 17
\BOOKMARK [2][-]{subsection.5.6}{\376\377\000A\000R\000T\000I\000F\000A\000C\000T\000\040\000a\000n\000d\000\040\000R\000E\000P\000O\000R\000T\000\040\040\024\000\040\000t\000h\000e\000\040\000d\000u\000e\000\040\000l\000i\000n\000e\000s}{section.5}% 18
\BOOKMARK [2][-]{subsection.5.7}{\376\377\000T\000h\000e\000\040\000t\000a\000s\000k\000\040\000f\000i\000l\000e}{section.5}% 19
\BOOKMARK [1][-]{section.6}{\376\377\000T\000h\000e\000\040\000a\000d\000v\000e\000r\000s\000a\000r\000i\000a\000l\000\040\000l\000a\000y\000e\000r\000:\000\040\000J\000U\000D\000G\000E}{}% 20
\BOOKMARK [2][-]{subsection.6.1}{\376\377\000H\000o\000n\000e\000s\000t\000\040\000w\000o\000r\000k\000:\000\040\000V\000E\000R\000I\000F\000I\000E\000D}{section.6}% 21
\BOOKMARK [2][-]{subsection.6.2}{\376\377\000F\000r\000a\000u\000d\000u\000l\000e\000n\000t\000\040\000w\000o\000r\000k\000:\000\040\000R\000E\000F\000U\000T\000E\000D}{section.6}% 22
\BOOKMARK [2][-]{subsection.6.3}{\376\377\000B\000l\000i\000n\000d\000\040\000s\000p\000o\000t\000s\000\040\000a\000r\000e\000\040\000c\000o\000n\000f\000e\000s\000s\000e\000d}{section.6}% 23
\BOOKMARK [1][-]{section.7}{\376\377\000T\000h\000e\000\040\000a\000u\000d\000i\000t\000\040\000m\000o\000d\000e}{}% 24
\BOOKMARK [2][-]{subsection.7.1}{\376\377\000P\000r\000e\000f\000l\000i\000g\000h\000t\000\040\000a\000n\000d\000\040\000i\000n\000s\000t\000a\000l\000l\000a\000t\000i\000o\000n\000\040\000c\000h\000e\000c\000k\000i\000n\000g}{section.7}% 25
\BOOKMARK [1][-]{section.8}{\376\377\000R\000e\000s\000e\000a\000r\000c\000h\000\040\000i\000m\000p\000a\000c\000t\000\040\000a\000n\000d\000\040\000e\000v\000a\000l\000u\000a\000t\000i\000o\000n}{}% 26
\BOOKMARK [2][-]{subsection.8.1}{\376\377\000E\000v\000a\000l\000u\000a\000t\000i\000o\000n\000\040\000m\000e\000t\000h\000o\000d\000o\000l\000o\000g\000y}{section.8}% 27
\BOOKMARK [1][-]{section.9}{\376\377\000D\000i\000s\000c\000u\000s\000s\000i\000o\000n}{}% 28
\BOOKMARK [1][-]{section.10}{\376\377\000T\000h\000r\000e\000a\000t\000s\000\040\000t\000o\000\040\000v\000a\000l\000i\000d\000i\000t\000y}{}% 29
\BOOKMARK [1][-]{section.11}{\376\377\000C\000o\000n\000c\000l\000u\000s\000i\000o\000n}{}% 30
